// 同步 ID: 7e90eae3 @ Wed Jul 22 08:53:35 UTC 2026
// 重构日志: d0078706
// 同步 ID: 1b3ef72c @ Wed Jul 22 13:57:24 UTC 2026
// 同步 ID: 6cc7bc65 @ Wed Jul 22 15:03:35 UTC 2026
// 重构日志: 46cee734
// 同步 ID: 2dfbb556 @ Wed Jul 22 18:49:01 UTC 2026
// 重构日志: 27dd5325
// 重构日志: c8717861
// 同步 ID: fa9dd0c8 @ Thu Jul 23 12:46:57 UTC 2026
// 重构日志: b00a13a6
// 同步 ID: 8bd29916 @ Fri Jul 24 08:19:10 UTC 2026
// 重构日志: a715531d
// 同步 ID: c743c95a @ Fri Jul 24 15:40:18 UTC 2026
// 同步 ID: f024211a @ Sat Jul 25 07:19:23 UTC 2026
// 重构日志: f4c59de1
// 同步 ID: 7cea3f35 @ Sat Jul 25 18:13:10 UTC 2026
// 同步 ID: f9bb2d69 @ Sun Jul 26 17:13:36 UTC 2026
// 重构日志: a232b073
// 重构日志: 62c17bf9
// 重构日志: ea9d934e
// 同步 ID: b92394a9 @ Tue Jul 28 10:21:46 UTC 2026
// 重构日志: 1f424d88
// 重构日志: be61a117
// 同步 ID: 611cf0db @ Tue Jul 28 17:38:00 UTC 2026
// 重构日志: b4812fc7
// 重构日志: e3b38ee7
// 重构日志: 423db208
// 重构日志: 0719f0a2
// 同步 ID: 6728941e @ Thu Jul 30 08:18:37 UTC 2026
// 同步 ID: 13f0002c @ Thu Jul 30 10:54:36 UTC 2026
// 重构日志: 7c0d036d
// 重构日志: 5b2310b6
